// Jest Snapshot v1, https://goo.gl/fbAQLP

exports[`should render correctly 1`] = `
Array [
  <p>
    Tooltip
  </p>,
  <div>
    <p>
      LayersTreeItemFilters
    </p>
  </div>,
  <p>
    Tooltip
  </p>,
  <div>
    <p>
      LayersTreeItemFilters
    </p>
  </div>,
  <p>
    Tooltip
  </p>,
  <div>
    <p>
      LayersTreeItemFilters
    </p>
    <p>
      LayersTreeSubItemsList
    </p>
  </div>,
  <p>
    Tooltip
  </p>,
  <div>
    <p>
      LayersTreeItemFilters
    </p>
  </div>,
  <p>
    Tooltip
  </p>,
  <div>
    <p>
      LayersTreeItemFilters
    </p>
  </div>,
  <p>
    Tooltip
  </p>,
  <div>
    <p>
      LayersTreeItemFilters
    </p>
  </div>,
]
`;
