// Jest Snapshot v1, https://goo.gl/fbAQLP

exports[`should render correctly 1`] = `
Array [
  <p>
    Tooltip
  </p>,
  <p>
    LayersTreeItemFilters
  </p>,
  <p>
    Tooltip
  </p>,
  <p>
    LayersTreeItemFilters
  </p>,
  <p>
    Tooltip
  </p>,
  <p>
    LayersTreeItemFilters
  </p>,
  <p>
    LayersTreeSubItemsList
  </p>,
  <p>
    Tooltip
  </p>,
  <p>
    LayersTreeItemFilters
  </p>,
  <p>
    Tooltip
  </p>,
  <p>
    LayersTreeItemFilters
  </p>,
  <p>
    Tooltip
  </p>,
  <p>
    LayersTreeItemFilters
  </p>,
  <p>
    Tooltip
  </p>,
  <p>
    LayersTreeItemFilters
  </p>,
]
`;
