// Jest Snapshot v1, https://goo.gl/fbAQLP

exports[`should render correctly 1`] = `
Array [
  <div
    className="layerstree-node-content"
  >
    <div
      className="layerstree-node-content__item"
    >
      <div
        className="layerstree-node-content__item-label"
      >
        <p>
          Tooltip
        </p>
        <div
          className="layerstree-node-content__item-label__total"
        />
      </div>
    </div>
    <div
      className="layerstree-node-content__options layerstree-node-content__options--desktop"
    >
      <span
        className="layerstree-node-content__options__overflow--shown"
      >
        <button
          type="button"
        >
          Extent this layer
        </button>
      </span>
      <span
        className="layerstree-node-content__options__overflow--shown"
      >
        <p>
          Tooltip
        </p>
      </span>
    </div>
  </div>,
  <p>
    LayersTreeItemFilters
  </p>,
  <div
    className="layerstree-node-content"
  >
    <div
      className="layerstree-node-content__item"
    >
      <div
        className="layerstree-node-content__item-label"
      >
        <p>
          Tooltip
        </p>
        <div
          className="layerstree-node-content__item-label__total"
        />
      </div>
    </div>
  </div>,
  <p>
    LayersTreeItemFilters
  </p>,
  <div
    className="layerstree-node-content"
  >
    <div
      className="layerstree-node-content__item"
    >
      <div
        className="layerstree-node-content__item-label"
      >
        <p>
          Tooltip
        </p>
        <div
          className="layerstree-node-content__item-label__total"
        />
      </div>
    </div>
    <div
      className="layerstree-node-content__options layerstree-node-content__options--desktop"
    >
      <span
        className="layerstree-node-content__options__overflow--shown"
      >
        <button
          type="button"
        >
          Extent this layer
        </button>
      </span>
      <span
        className="layerstree-node-content__options__overflow--shown"
      >
        <p>
          Tooltip
        </p>
      </span>
    </div>
  </div>,
  <p>
    LayersTreeItemFilters
  </p>,
  <div
    className="layerstree-node-content"
  >
    <div
      className="layerstree-node-content__item"
    >
      <div
        className="layerstree-node-content__item-label"
      >
        <p>
          Tooltip
        </p>
        <div
          className="layerstree-node-content__item-label__total"
        />
      </div>
    </div>
    <div
      className="layerstree-node-content__options layerstree-node-content__options--desktop"
    >
      <span
        className="layerstree-node-content__options__overflow--shown"
      >
        <button
          type="button"
        >
          Extent this layer
        </button>
      </span>
      <span
        className="layerstree-node-content__options__overflow--shown"
      >
        <p>
          Tooltip
        </p>
      </span>
      <p>
        Popover
      </p>
    </div>
  </div>,
  <p>
    LayersTreeItemFilters
  </p>,
  <div
    className="layerstree-node-content"
  >
    <div
      className="layerstree-node-content__item"
    >
      <div
        className="layerstree-node-content__item-label"
      >
        <p>
          Tooltip
        </p>
        <div
          className="layerstree-node-content__item-label__total"
        />
      </div>
    </div>
  </div>,
  <p>
    LayersTreeItemFilters
  </p>,
  <div
    className="layerstree-node-content layerstree-node-content--desktop--active"
  >
    <div
      className="layerstree-node-content__item"
    >
      <div
        className="layerstree-node-content__item-label"
      >
        <p>
          Tooltip
        </p>
        <div
          className="layerstree-node-content__item-label__total"
        />
      </div>
    </div>
    <div
      className="layerstree-node-content__options layerstree-node-content__options--desktop layerstree-node-content__options--active"
    >
      <span
        className="layerstree-node-content__options__overflow--shown"
      >
        <button
          type="button"
        >
          Extent this layer
        </button>
      </span>
      <span
        className="layerstree-node-content__options__overflow--shown"
      >
        <p>
          Tooltip
        </p>
      </span>
      <p>
        Popover
      </p>
    </div>
  </div>,
  <p>
    LayersTreeItemFilters
  </p>,
  <div
    className="layerstree-node-content layerstree-node-content--desktop--active"
  >
    <div
      className="layerstree-node-content__item"
    >
      <div
        className="layerstree-node-content__item-label"
      >
        <p>
          Tooltip
        </p>
        <div
          className="layerstree-node-content__item-label__total"
        >
          <p>
            Tag
          </p>
        </div>
      </div>
    </div>
    <div
      className="layerstree-node-content__options layerstree-node-content__options--desktop layerstree-node-content__options--active"
    >
      <span
        className="layerstree-node-content__options__overflow--shown"
      >
        <button
          type="button"
        >
          Extent this layer
        </button>
      </span>
      <span
        className="layerstree-node-content__options__overflow--shown"
      >
        <p>
          Tooltip
        </p>
      </span>
      <p>
        Popover
      </p>
    </div>
  </div>,
  <p>
    LayersTreeItemFilters
  </p>,
  <div
    className="layerstree-node-content"
  >
    <div
      className="layerstree-node-content__item"
    >
      <div
        className="layerstree-node-content__item-label"
      >
        <p>
          Tooltip
        </p>
        <div
          className="layerstree-node-content__item-label__total"
        />
      </div>
    </div>
    <div
      className="layerstree-node-content__options layerstree-node-content__options--desktop"
    >
      <span
        className="layerstree-node-content__options__overflow--shown"
      >
        <button
          type="button"
        >
          Extent this layer
        </button>
      </span>
      <span
        className="layerstree-node-content__options__overflow--shown"
      >
        <p>
          Tooltip
        </p>
      </span>
    </div>
  </div>,
  <p>
    LayersTreeItemFilters
  </p>,
  <div
    className="layerstree-node-content"
  >
    <div
      className="layerstree-node-content__item"
    >
      <div
        className="layerstree-node-content__item-label"
      >
        <p>
          Tooltip
        </p>
        <div
          className="layerstree-node-content__item-label__total"
        />
      </div>
    </div>
    <div
      className="layerstree-node-content__options layerstree-node-content__options--desktop"
    >
      <span
        className="layerstree-node-content__options__overflow--shown"
      >
        <button
          type="button"
        >
          Extent this layer
        </button>
      </span>
      <span
        className="layerstree-node-content__options__overflow--shown"
      >
        <p>
          Tooltip
        </p>
      </span>
    </div>
  </div>,
  <p>
    LayersTreeItemFilters
  </p>,
  <p>
    RadioGroup
  </p>,
  <div
    className="layerstree-node-content"
  >
    <div
      className="layerstree-node-content__item"
    >
      <div
        className="layerstree-node-content__item-label"
      >
        <p>
          Tooltip
        </p>
        <div
          className="layerstree-node-content__item-label__total"
        />
      </div>
    </div>
    <div
      className="layerstree-node-content__options layerstree-node-content__options--desktop"
    >
      <span
        className="layerstree-node-content__options__overflow--shown"
      >
        <button
          type="button"
        >
          Extent this layer
        </button>
      </span>
      <span
        className="layerstree-node-content__options__overflow--shown"
      >
        <p>
          FiltersPanel
        </p>
      </span>
      <span
        className="layerstree-node-content__options__overflow--shown"
      >
        <p>
          Tooltip
        </p>
      </span>
    </div>
  </div>,
  <p>
    LayersTreeItemFilters
  </p>,
  <p>
    RadioGroup
  </p>,
  <div
    className="layerstree-node-content"
  >
    <div
      className="layerstree-node-content__item"
    >
      <div
        className="layerstree-node-content__item-label"
      >
        <p>
          Tooltip
        </p>
        <div
          className="layerstree-node-content__item-label__total"
        />
      </div>
    </div>
    <div
      className="layerstree-node-content__options layerstree-node-content__options--desktop"
    >
      <span
        className="layerstree-node-content__options__overflow--shown"
      >
        <button
          type="button"
        >
          Extent this layer
        </button>
      </span>
      <span
        className="layerstree-node-content__options__overflow--shown"
      >
        <p>
          Tooltip
        </p>
      </span>
    </div>
  </div>,
  <p>
    LayersTreeItemFilters
  </p>,
  <p>
    RadioGroup
  </p>,
  <div
    className="layerstree-node-content--mobile"
  >
    <div
      className="layerstree-node-content__item--mobile"
    >
      <div
        className="layerstree-node-content__item-label--mobile"
      >
        <p>
          Tooltip
        </p>
        <div
          className="layerstree-node-content__item-label__total"
        />
      </div>
      <p>
        RadioGroup
      </p>
    </div>
    <div
      className="layerstree-node-content__options layerstree-node-content__options--desktop"
    >
      <span
        className="layerstree-node-content__options__overflow--shown"
      >
        <button
          type="button"
        >
          Extent this layer
        </button>
      </span>
      <span
        className="layerstree-node-content__options__overflow--shown"
      >
        <p>
          FiltersPanel
        </p>
      </span>
      <span
        className="layerstree-node-content__options__overflow--shown"
      >
        <p>
          Tooltip
        </p>
      </span>
    </div>
  </div>,
  <p>
    LayersTreeItemFilters
  </p>,
]
`;
