// Jest Snapshot v1, https://goo.gl/fbAQLP

exports[`should display a feature 1`] = `null`;

exports[`should render correctly with content 1`] = `
<div
  className="view-details bp3-light view-details--hidden"
>
  <div
    className="view-details__close"
  >
    <p>
      Button
    </p>
  </div>
</div>
`;

exports[`should render correctly without content 1`] = `
<div
  className="view-details bp3-light view-details--hidden"
>
  <div
    className="view-details__close"
  >
    <p>
      Button
    </p>
  </div>
</div>
`;
