// Jest Snapshot v1, https://goo.gl/fbAQLP

exports[`should render correctly 1`] = `
<div>
  <div
    className="bp3-card bp3-elevation-2 layerNode-container"
    style={
      Object {
        "opacity": 0.7,
      }
    }
  >
    <div
      className="layerNode-label-container"
    >
      <label
        className="bp3-control bp3-switch"
      >
        <input
          type="checkbox"
        />
        <span
          className="bp3-control-indicator"
        />
      </label>
    </div>
  </div>
  <div
    className="bp3-card bp3-elevation-2 layerNode-container"
    style={
      Object {
        "opacity": 1,
      }
    }
  >
    <div
      className="layerNode-label-container"
    >
      <label
        className="bp3-control bp3-switch"
      >
        <input
          checked={true}
          type="checkbox"
        />
        <span
          className="bp3-control-indicator"
        />
      </label>
      <button
        className="bp3-button bp3-minimal button-more-vertical"
        onClick={[Function]}
        onKeyDown={[Function]}
        onKeyUp={[Function]}
        type="button"
      >
        <span
          className="bp3-icon bp3-icon-more"
          icon="more"
        >
          <svg
            data-icon="more"
            height={16}
            viewBox="0 0 16 16"
            width={16}
          >
            <desc>
              more
            </desc>
            <path
              d="M2 6.03a2 2 0 1 0 0 4 2 2 0 1 0 0-4zM14 6.03a2 2 0 1 0 0 4 2 2 0 1 0 0-4zM8 6.03a2 2 0 1 0 0 4 2 2 0 1 0 0-4z"
              fillRule="evenodd"
            />
          </svg>
        </span>
      </button>
    </div>
  </div>
</div>
`;
