// Jest Snapshot v1, https://goo.gl/fbAQLP

exports[`should render correctly 1`] = `
<form
  onSubmit={[Function]}
>
  <input
    hidden={true}
    id="report-geometry"
  />
  <div>
    <label
      className="bp3-label"
    >
      map.report_control.form.radiogroup.label
    </label>
    <label
      className="bp3-control bp3-radio"
    >
      <input
        checked={true}
        name="Blueprint3.RadioGroup-0"
        onChange={[Function]}
        type="radio"
        value="wrong_info"
      />
      <span
        className="bp3-control-indicator"
      />
      map.report_control.form.radio.wrong_info.label
    </label>
    <label
      className="bp3-control bp3-radio"
    >
      <input
        checked={false}
        name="Blueprint3.RadioGroup-0"
        onChange={[Function]}
        type="radio"
        value="missing_info"
      />
      <span
        className="bp3-control-indicator"
      />
      map.report_control.form.radio.missing_info.label
    </label>
    <label
      className="bp3-control bp3-radio"
    >
      <input
        checked={false}
        name="Blueprint3.RadioGroup-0"
        onChange={[Function]}
        type="radio"
        value="wrong_location"
      />
      <span
        className="bp3-control-indicator"
      />
      map.report_control.form.radio.wrong_location.label
    </label>
    <label
      className="bp3-control bp3-radio"
    >
      <input
        checked={false}
        name="Blueprint3.RadioGroup-0"
        onChange={[Function]}
        type="radio"
        value="does_not_exist"
      />
      <span
        className="bp3-control-indicator"
      />
      map.report_control.form.radio.doesnotexist.label
    </label>
  </div>
  <label
    className="bp3-label"
  >
    map.report_control.form.comment.label
    <span
      className="bp3-text-muted"
    >
       (
      map.report_control.form.comment.optional
      )
    </span>
    <textarea
      className="bp3-input"
      onChange={[Function]}
      style={Object {}}
      value=""
    />
  </label>
  <label
    className="bp3-label"
  >
    map.report_control.form.url.label
    :
    <br />
    <a />
  </label>
  <button
    className="bp3-button"
    onKeyDown={[Function]}
    onKeyUp={[Function]}
    type="button"
  >
    <span
      className="bp3-button-text"
    >
      map.report_control.form.cancel
    </span>
  </button>
  <button
    className="bp3-button"
    id="submitReport"
    onKeyDown={[Function]}
    onKeyUp={[Function]}
    type="submit"
  >
    <span
      className="bp3-button-text"
    >
      map.report_control.form.submit
    </span>
  </button>
</form>
`;
