// Jest Snapshot v1, https://goo.gl/fbAQLP

exports[`should render correctly 1`] = `
<span
  className="Tooltip"
>
  <span
    className="Popover"
  >
    <button
      className="mapboxgl-ctrl-icon"
      type="button"
    >
      <span>
        Icon
      </span>
    </button>
  </span>
</span>
`;
