// Jest Snapshot v1, https://goo.gl/fbAQLP

exports[`should render correctly 1`] = `
Array [
  <div
    className="layerNode-label-container"
  >
    <p>
      Switch
    </p>
    <p>
      Button
    </p>
  </div>,
  <div
    className="layerNode-label-container"
  >
    <p>
      Switch
    </p>
  </div>,
  <div
    className="layerNode-label-container"
  >
    <p>
      Switch
    </p>
    <p>
      Button
    </p>
  </div>,
  <p>
    LayersTreeSubItemsList
  </p>,
]
`;
