// Jest Snapshot v1, https://goo.gl/fbAQLP

exports[`should render 1`] = `
<div
  className="bp3-form-group"
>
  <label
    className="bp3-label"
  >
    My range
     
    <span
      className="bp3-text-muted"
    />
  </label>
  <div
    className="bp3-form-content"
  >
    <p>
      BPDateRangeInput
    </p>
  </div>
</div>
`;
