// Jest Snapshot v1, https://goo.gl/fbAQLP

exports[`should build a form 1`] = `
<div>
  <div
    className="control-container"
  >
    <p
      className="control-label"
    >
      Vocations
    </p>
    <p>
      Input
    </p>
  </div>
  <div
    className="control-container"
  >
    <p
      className="control-label"
    >
      Vocations
    </p>
    <span
      className="bp3-popover-wrapper"
    >
      <span
        className="bp3-popover-target"
        onClick={[Function]}
      >
        <div
          className=""
          onKeyDown={[Function]}
        >
          <p>
            Button
          </p>
        </div>
      </span>
    </span>
  </div>
  <div
    className="control-container"
  >
    <p
      className="control-label"
    >
      Foo
    </p>
    <p>
      Checkbox
    </p>
    <p>
      Checkbox
    </p>
    <p>
      Checkbox
    </p>
  </div>
</div>
`;
