// Jest Snapshot v1, https://goo.gl/fbAQLP

exports[`should render 1`] = `
Array [
  <div
    className="control-container layerstree-node-content__subitems-list"
  >
    <label
      className="bp3-control bp3-radio"
    >
      <input
        checked={true}
        name="Blueprint3.RadioGroup-0"
        onChange={[Function]}
        type="radio"
        value={0}
      />
      <span
        className="bp3-control-indicator"
      />
      foo
    </label>
    <label
      className="bp3-control bp3-radio"
    >
      <input
        checked={false}
        name="Blueprint3.RadioGroup-0"
        onChange={[Function]}
        type="radio"
        value={1}
      />
      <span
        className="bp3-control-indicator"
      />
      bar
    </label>
  </div>,
  <div
    className="control-container"
    onKeyPress={[Function]}
    role="presentation"
  >
    <p
      className="control-label"
    >
      
    </p>
    <span
      className="bp3-popover-wrapper tf-select layerstree-node-content__subitems-list"
    >
      <span
        className="bp3-popover-target"
        onClick={[Function]}
      >
        <div
          className=""
          onKeyDown={[Function]}
        >
          <button
            className="bp3-button"
            onKeyDown={[Function]}
            onKeyUp={[Function]}
            type="button"
          >
            <span
              className="bp3-button-text"
            >
              foo
            </span>
            <span
              className="bp3-icon bp3-icon-double-caret-vertical"
              icon="double-caret-vertical"
            >
              <svg
                data-icon="double-caret-vertical"
                height={16}
                viewBox="0 0 16 16"
                width={16}
              >
                <desc>
                  double-caret-vertical
                </desc>
                <path
                  d="M5 7h6a1.003 1.003 0 0 0 .71-1.71l-3-3C8.53 2.11 8.28 2 8 2s-.53.11-.71.29l-3 3A1.003 1.003 0 0 0 5 7zm6 2H5a1.003 1.003 0 0 0-.71 1.71l3 3c.18.18.43.29.71.29s.53-.11.71-.29l3-3A1.003 1.003 0 0 0 11 9z"
                  fillRule="evenodd"
                />
              </svg>
            </span>
          </button>
        </div>
      </span>
    </span>
  </div>,
]
`;
